[{"stream_name":"stderr","time":10.350090596,"data":"0.00s - Debugger warning: It seems that frozen modules are being used, which may\n"}
,{"stream_name":"stderr","time":10.350176851,"data":"0.00s - make the debugger miss breakpoints. Please pass -Xfrozen_modules=off\n"}
,{"stream_name":"stderr","time":10.350184573,"data":"0.00s - to python to disable frozen modules.\n"}
,{"stream_name":"stderr","time":10.350189637,"data":"0.00s - Note: Debugging will proceed. Set PYDEVD_DISABLE_FILE_VALIDATION=1 to disable this validation.\n"}
,{"stream_name":"stderr","time":11.218840067,"data":"0.00s - Debugger warning: It seems that frozen modules are being used, which may\n"}
,{"stream_name":"stderr","time":11.218883745,"data":"0.00s - make the debugger miss breakpoints. Please pass -Xfrozen_modules=off\n"}
,{"stream_name":"stderr","time":11.218891508,"data":"0.00s - to python to disable frozen modules.\n"}
,{"stream_name":"stderr","time":11.218898053,"data":"0.00s - Note: Debugging will proceed. Set PYDEVD_DISABLE_FILE_VALIDATION=1 to disable this validation.\n"}
,{"stream_name":"stdout","time":12.608277142,"data":"Input path: /kaggle/input/sumo-data-03\n"}
,{"stream_name":"stdout","time":12.608328044,"data":"Output path: /kaggle/working\n"}
,{"stream_name":"stdout","time":28.991818628,"data":"Loaded 291,462 bouts with features\n"}
,{"stream_name":"stdout","time":28.991853536,"data":"Columns: 202\n"}
,{"stream_name":"stdout","time":28.991860471,"data":"\n"}
,{"stream_name":"stdout","time":28.991865959,"data":"Sample columns:\n"}
,{"stream_name":"stdout","time":28.991875256,"data":"['east_elo', 'west_elo', 'elo_diff', 'east_career_wins', 'east_career_losses', 'east_career_total_bouts', 'east_career_win_rate', 'east_career_length_days', 'east_career_total_tournaments', 'east_pct_wins_by_push_career', 'east_pct_wins_by_grapple_career', 'east_pct_wins_by_evasion_career', 'east_pct_wins_by_force_out_standing_career', 'east_pct_wins_by_force_out_falling_career', 'east_pct_wins_by_throws_overarm_career', 'east_pct_wins_by_throws_underarm_career', 'east_pct_wins_by_slap_pull_down_career', 'east_pct_wins_by_leg_trips_career', 'east_pct_wins_by_twist_downs_career', 'east_pct_wins_by_rear_techniques_career']\n"}
,{"stream_name":"stdout","time":29.076903562,"data":"Basho range: 199305 to 202601\n"}
,{"stream_name":"stdout","time":29.076942816,"data":"\n"}
,{"stream_name":"stdout","time":29.076950858,"data":"Bouts per year:\n"}
,{"stream_name":"stdout","time":29.076957124,"data":"year\n"}
,{"stream_name":"stdout","time":29.076986002,"data":"2017    16034\n"}
,{"stream_name":"stdout","time":29.076991534,"data":"2018    18242\n"}
,{"stream_name":"stdout","time":29.076997503,"data":"2019    20400\n"}
,{"stream_name":"stdout","time":29.077003209,"data":"2020    18443\n"}
,{"stream_name":"stdout","time":29.077008738,"data":"2021    22856\n"}
,{"stream_name":"stdout","time":29.077013996,"data":"2022    24316\n"}
,{"stream_name":"stdout","time":29.077027526,"data":"2023    25870\n"}
,{"stream_name":"stdout","time":29.077032991,"data":"2024    26486\n"}
,{"stream_name":"stdout","time":29.077038866,"data":"2025    27862\n"}
,{"stream_name":"stdout","time":29.077044686,"data":"2026     1910\n"}
,{"stream_name":"stdout","time":29.077050376,"data":"dtype: int64\n"}
,{"stream_name":"stdout","time":29.367831685,"data":"Using 184 numeric features\n"}
,{"stream_name":"stdout","time":29.367874986,"data":"\n"}
,{"stream_name":"stdout","time":29.367882939,"data":"Sample features:\n"}
,{"stream_name":"stdout","time":29.367944955,"data":"['day', 'matchNo', 'basho_year', 'basho_month', 'east_rank_numeric', 'west_rank_numeric', 'east_elo', 'west_elo', 'east_glicko_rating', 'east_glicko_rd', 'west_glicko_rating', 'west_glicko_rd', 'elo_diff', 'glicko_rating_diff', 'glicko_rd_diff', 'tournament_number', 'east_basho_month', 'east_day', 'east_career_wins', 'east_career_losses', 'east_career_total_bouts', 'east_career_win_rate', 'east_bout_date_approx', 'east_debut_date', 'east_career_length_days', 'east_basho_num', 'east_career_total_tournaments', 'east_basho_wins', 'east_basho_losses', 'east_current_win_streak']\n"}
,{"stream_name":"stdout","time":29.389037954,"data":"\n"}
,{"stream_name":"stdout","time":29.389075742,"data":"Top 20 kimarite for prediction\n"}
,{"stream_name":"stdout","time":29.447776443,"data":"Total basho: 195\n"}
,{"stream_name":"stdout","time":29.447815173,"data":"First: 199305, Last: 202601\n"}
,{"stream_name":"stdout","time":29.447821461,"data":"\n"}
,{"stream_name":"stdout","time":29.447826101,"data":"Split points:\n"}
,{"stream_name":"stdout","time":29.447830476,"data":"  Train: before 202403\n"}
,{"stream_name":"stdout","time":29.447834831,"data":"  Val: 202403 to 202503\n"}
,{"stream_name":"stdout","time":29.447839216,"data":"  Test: after 202503\n"}
,{"stream_name":"stdout","time":30.062052075,"data":"Train: 239,512 bouts\n"}
,{"stream_name":"stdout","time":30.062093232,"data":"Val: 26,598 bouts\n"}
,{"stream_name":"stdout","time":30.062099499,"data":"Test: 25,352 bouts\n"}
,{"stream_name":"stdout","time":30.444243912,"data":"Valid bouts - Train: 239,512, Val: 26,598, Test: 25,352\n"}
,{"stream_name":"stdout","time":31.962984517,"data":"X_train shape: (239512, 184)\n"}
,{"stream_name":"stdout","time":31.963023338,"data":"y_train distribution: {1: 120048, 0: 119464}\n"}
,{"stream_name":"stdout","time":32.162427751,"data":"Training winner prediction model...\n"}
,{"stream_name":"stdout","time":36.169067586,"data":"Training until validation scores don't improve for 50 rounds\n"}
,{"stream_name":"stdout","time":45.49176354,"data":"[100]\ttrain's binary_logloss: 0.647427\ttrain's auc: 0.671481\tval's binary_logloss: 0.64483\tval's auc: 0.664605\n"}
,{"stream_name":"stdout","time":51.60047422,"data":"Early stopping, best iteration is:\n"}
,{"stream_name":"stdout","time":51.600519387,"data":"[130]\ttrain's binary_logloss: 0.642273\ttrain's auc: 0.682305\tval's binary_logloss: 0.643777\tval's auc: 0.666044\n"}
,{"stream_name":"stdout","time":51.600526265,"data":"\n"}
,{"stream_name":"stdout","time":51.600531629,"data":"Best iteration: 130\n"}
,{"stream_name":"stdout","time":53.234447835,"data":"=== Winner Model Metrics ===\n"}
,{"stream_name":"stdout","time":53.234540352,"data":"Train: Accuracy=0.6270, AUC=0.6823, LogLoss=0.6423\n"}
,{"stream_name":"stdout","time":53.234549676,"data":"Val: Accuracy=0.6151, AUC=0.6660, LogLoss=0.6438\n"}
,{"stream_name":"stdout","time":53.234555973,"data":"Test: Accuracy=0.6199, AUC=0.6642, LogLoss=0.6510\n"}
,{"stream_name":"stdout","time":53.277486577,"data":"\n"}
,{"stream_name":"stdout","time":53.277524548,"data":"Top 20 features by importance:\n"}
,{"stream_name":"stdout","time":55.101332136,"data":"Kimarite samples - Train: 239512, Val: 26598, Test: 25352\n"}
,{"stream_name":"stdout","time":55.101373176,"data":"\n"}
,{"stream_name":"stdout","time":55.101378723,"data":"Kimarite distribution in training:\n"}
,{"stream_name":"stdout","time":55.101382878,"data":"kimarite\n"}
,{"stream_name":"stdout","time":55.101386818,"data":"oshidashi         59855\n"}
,{"stream_name":"stdout","time":55.101390581,"data":"yorikiri          58303\n"}
,{"stream_name":"stdout","time":55.101394758,"data":"hatakikomi        18904\n"}
,{"stream_name":"stdout","time":55.101398413,"data":"other             13720\n"}
,{"stream_name":"stdout","time":55.10141961,"data":"tsukiotoshi       12835\n"}
,{"stream_name":"stdout","time":55.10142323,"data":"yoritaoshi        12420\n"}
,{"stream_name":"stdout","time":55.101426101,"data":"uwatenage         11118\n"}
,{"stream_name":"stdout","time":55.101428938,"data":"oshitaoshi         8703\n"}
,{"stream_name":"stdout","time":55.101431744,"data":"hikiotoshi         8698\n"}
,{"stream_name":"stdout","time":55.101434659,"data":"okuridashi         7671\n"}
,{"stream_name":"stdout","time":55.101437958,"data":"shitatenage        5603\n"}
,{"stream_name":"stdout","time":55.101440818,"data":"tsukidashi         5267\n"}
,{"stream_name":"stdout","time":55.101443598,"data":"sukuinage          4866\n"}
,{"stream_name":"stdout","time":55.101446439,"data":"kotenage           3780\n"}
,{"stream_name":"stdout","time":55.101449258,"data":"uwatedashinage     2849\n"}
,{"stream_name":"stdout","time":55.10145206,"data":"katasukashi        2041\n"}
,{"stream_name":"stdout","time":55.101454902,"data":"kimedashi           905\n"}
,{"stream_name":"stdout","time":55.101457828,"data":"tsukitaoshi         854\n"}
,{"stream_name":"stdout","time":55.101460685,"data":"sotogake            748\n"}
,{"stream_name":"stdout","time":55.101463602,"data":"uchigake            216\n"}
,{"stream_name":"stdout","time":55.101466426,"data":"makiotoshi          156\n"}
,{"stream_name":"stdout","time":55.101469448,"data":"Name: count, dtype: int64\n"}
,{"stream_name":"stdout","time":55.17708272,"data":"Classes: ['hatakikomi' 'hikiotoshi' 'katasukashi' 'kimedashi' 'kotenage'\n"}
,{"stream_name":"stdout","time":55.177122408,"data":" 'makiotoshi' 'okuridashi' 'oshidashi' 'oshitaoshi' 'other' 'shitatenage'\n"}
,{"stream_name":"stdout","time":55.177128048,"data":" 'sotogake' 'sukuinage' 'tsukidashi' 'tsukiotoshi' 'tsukitaoshi'\n"}
,{"stream_name":"stdout","time":55.177132972,"data":" 'uchigake' 'uwatedashinage' 'uwatenage' 'yorikiri' 'yoritaoshi']\n"}
,{"stream_name":"stdout","time":55.300507402,"data":"Training kimarite prediction model...\n"}
,{"stream_name":"stdout","time":60.545845542,"data":"Training until validation scores don't improve for 50 rounds\n"}
,{"stream_name":"stdout","time":189.613619341,"data":"[100]\ttrain's multi_logloss: 1.79843\tval's multi_logloss: 2.17749\n"}
,{"stream_name":"stdout","time":289.47181269,"data":"Early stopping, best iteration is:\n"}
,{"stream_name":"stdout","time":289.471846934,"data":"[138]\ttrain's multi_logloss: 1.70639\tval's multi_logloss: 2.1764\n"}
,{"stream_name":"stdout","time":289.564764627,"data":"\n"}
,{"stream_name":"stdout","time":289.564808088,"data":"Best iteration: 138\n"}
,{"stream_name":"stdout","time":292.531345604,"data":"\n"}
,{"stream_name":"stdout","time":292.531401694,"data":"Kimarite Test Accuracy: 0.3344\n"}
,{"stream_name":"stdout","time":292.534933936,"data":"Kimarite Top-3 Accuracy: 0.6032\n"}
,{"stream_name":"stdout","time":292.566462877,"data":"\n"}
,{"stream_name":"stdout","time":292.566503178,"data":"Average category probabilities:\n"}
,{"stream_name":"stdout","time":292.566510252,"data":"  Push: 0.407\n"}
,{"stream_name":"stdout","time":292.566516333,"data":"  Grapple: 0.408\n"}
,{"stream_name":"stdout","time":292.566522318,"data":"  Evasion: 0.134\n"}
,{"stream_name":"stdout","time":292.737090419,"data":"Saved winner model to /kaggle/working/winner_model.lgb\n"}
,{"stream_name":"stdout","time":292.737118067,"data":"Saved kimarite model to /kaggle/working/kimarite_model.lgb\n"}
,{"stream_name":"stdout","time":292.737124854,"data":"Saved label encoder to /kaggle/working/kimarite_encoder.joblib\n"}
,{"stream_name":"stdout","time":292.739909183,"data":"Saved feature list to /kaggle/working/feature_columns.csv\n"}
,{"stream_name":"stdout","time":292.829508913,"data":"Saved test predictions to /kaggle/working/test_predictions.parquet\n"}
,{"stream_name":"stdout","time":292.879122352,"data":"=== Model Training Summary ===\n"}
,{"stream_name":"stdout","time":292.879160989,"data":"\n"}
,{"stream_name":"stdout","time":292.879167098,"data":"Winner Model:\n"}
,{"stream_name":"stdout","time":292.879171981,"data":"  Test Accuracy: 0.6199\n"}
,{"stream_name":"stdout","time":292.879176541,"data":"  Test AUC: 0.6642\n"}
,{"stream_name":"stdout","time":292.879180859,"data":"  Baseline (50%): 0.5000\n"}
,{"stream_name":"stdout","time":292.879185366,"data":"\n"}
,{"stream_name":"stdout","time":292.879190273,"data":"Kimarite Model:\n"}
,{"stream_name":"stdout","time":292.879194899,"data":"  Test Top-1 Accuracy: 0.3344\n"}
,{"stream_name":"stdout","time":292.879199381,"data":"  Test Top-3 Accuracy: 0.6032\n"}
,{"stream_name":"stdout","time":292.879203709,"data":"\n"}
,{"stream_name":"stdout","time":292.879208034,"data":"Models saved to: /kaggle/working\n"}
,{"stream_name":"stderr","time":296.858010951,"data":"/usr/local/lib/python3.12/dist-packages/mistune.py:435: SyntaxWarning: invalid escape sequence '\\|'\n"}
,{"stream_name":"stderr","time":296.858050626,"data":"  cells[i][c] = re.sub('\\\\\\\\\\|', '|', cell)\n"}
,{"stream_name":"stderr","time":297.070708108,"data":"/usr/local/lib/python3.12/dist-packages/nbconvert/filters/filter_links.py:36: SyntaxWarning: invalid escape sequence '\\_'\n"}
,{"stream_name":"stderr","time":297.070741916,"data":"  text = re.sub(r'_', '\\_', text) # Escape underscores in display text\n"}
,{"stream_name":"stderr","time":297.856411297,"data":"/usr/local/lib/python3.12/dist-packages/traitlets/traitlets.py:2915: FutureWarning: --Exporter.preprocessors=[\"remove_papermill_header.RemovePapermillHeader\"] for containers is deprecated in traitlets 5.0. You can pass `--Exporter.preprocessors item` ... multiple times to add items to a list.\n"}
,{"stream_name":"stderr","time":297.856453238,"data":"  warn(\n"}
,{"stream_name":"stderr","time":297.897526363,"data":"[NbConvertApp] Converting notebook __notebook__.ipynb to notebook\n"}
,{"stream_name":"stderr","time":298.343153541,"data":"[NbConvertApp] Writing 47359 bytes to __notebook__.ipynb\n"}
,{"stream_name":"stderr","time":301.655514224,"data":"/usr/local/lib/python3.12/dist-packages/traitlets/traitlets.py:2915: FutureWarning: --Exporter.preprocessors=[\"nbconvert.preprocessors.ExtractOutputPreprocessor\"] for containers is deprecated in traitlets 5.0. You can pass `--Exporter.preprocessors item` ... multiple times to add items to a list.\n"}
,{"stream_name":"stderr","time":301.655556112,"data":"  warn(\n"}
,{"stream_name":"stderr","time":301.697349618,"data":"[NbConvertApp] Converting notebook __notebook__.ipynb to html\n"}
,{"stream_name":"stderr","time":302.956479913,"data":"[NbConvertApp] Writing 361751 bytes to __results__.html\n"}
]