[{"stream_name":"stderr","time":8.923895825,"data":"0.00s - Debugger warning: It seems that frozen modules are being used, which may\n"}
,{"stream_name":"stderr","time":8.923966495,"data":"0.00s - make the debugger miss breakpoints. Please pass -Xfrozen_modules=off\n"}
,{"stream_name":"stderr","time":8.923974177,"data":"0.00s - to python to disable frozen modules.\n"}
,{"stream_name":"stderr","time":8.923979015,"data":"0.00s - Note: Debugging will proceed. Set PYDEVD_DISABLE_FILE_VALIDATION=1 to disable this validation.\n"}
,{"stream_name":"stderr","time":9.724095628,"data":"0.00s - Debugger warning: It seems that frozen modules are being used, which may\n"}
,{"stream_name":"stderr","time":9.724147609,"data":"0.00s - make the debugger miss breakpoints. Please pass -Xfrozen_modules=off\n"}
,{"stream_name":"stderr","time":9.724154204,"data":"0.00s - to python to disable frozen modules.\n"}
,{"stream_name":"stderr","time":9.724159179,"data":"0.00s - Note: Debugging will proceed. Set PYDEVD_DISABLE_FILE_VALIDATION=1 to disable this validation.\n"}
,{"stream_name":"stdout","time":11.019811827,"data":"Input path: /kaggle/input/sumo-data-02\n"}
,{"stream_name":"stdout","time":11.019862094,"data":"Output path: /kaggle/working\n"}
,{"stream_name":"stdout","time":12.640008198,"data":"Loaded 145,934 matches with ratings\n"}
,{"stream_name":"stdout","time":12.640051315000001,"data":"Loaded 619 rikishi profiles\n"}
,{"stream_name":"stdout","time":12.640057828,"data":"Loaded rank averages for 6 rank levels\n"}
,{"stream_name":"stdout","time":12.69797469,"data":"\n"}
,{"stream_name":"stdout","time":12.698012365,"data":"Match columns:\n"}
,{"stream_name":"stdout","time":12.69801996,"data":"['bashoId', 'division', 'day', 'matchNo', 'eastId', 'eastShikona', 'eastRank', 'westId', 'westShikona', 'westRank', 'kimarite', 'winnerId', 'winnerEn', 'winnerJp', 'bout_id', 'basho_year', 'basho_month', 'east_rank_numeric', 'west_rank_numeric', 'kimarite_category', 'east_won', 'west_won', 'east_elo', 'west_elo', 'east_glicko_rating', 'east_glicko_rd', 'east_glicko_vol', 'west_glicko_rating', 'west_glicko_rd', 'west_glicko_vol', 'elo_diff', 'glicko_rating_diff', 'glicko_rd_diff']\n"}
,{"stream_name":"stdout","time":12.698031841,"data":"\n"}
,{"stream_name":"stdout","time":12.698036279,"data":"Unknown kimarite: 0 (0.0%)\n"}
,{"stream_name":"stdout","time":12.698040807,"data":"\n"}
,{"stream_name":"stdout","time":12.698045453,"data":"Top 10 kimarite:\n"}
,{"stream_name":"stdout","time":12.698049829,"data":"kimarite\n"}
,{"stream_name":"stdout","time":12.698054953,"data":"oshidashi      36661\n"}
,{"stream_name":"stdout","time":12.698059674,"data":"yorikiri       35599\n"}
,{"stream_name":"stdout","time":12.698064132,"data":"hatakikomi     11727\n"}
,{"stream_name":"stdout","time":12.698068301,"data":"tsukiotoshi     7853\n"}
,{"stream_name":"stdout","time":12.698072697,"data":"yoritaoshi      7363\n"}
,{"stream_name":"stdout","time":12.698077294,"data":"uwatenage       6730\n"}
,{"stream_name":"stdout","time":12.698081964,"data":"oshitaoshi      5203\n"}
,{"stream_name":"stdout","time":12.698086429,"data":"hikiotoshi      5182\n"}
,{"stream_name":"stdout","time":12.698091014,"data":"okuridashi      4676\n"}
,{"stream_name":"stdout","time":12.698095494,"data":"shitatenage     3370\n"}
,{"stream_name":"stdout","time":12.698100498,"data":"Name: count, dtype: int64\n"}
,{"stream_name":"stdout","time":12.757179136,"data":"Rank parsing examples:\n"}
,{"stream_name":"stdout","time":12.757217781,"data":"  Y1E -\u003e 0\n"}
,{"stream_name":"stdout","time":12.75722404,"data":"  Y1W -\u003e 1\n"}
,{"stream_name":"stdout","time":12.757228246,"data":"  O1E -\u003e 10\n"}
,{"stream_name":"stdout","time":12.757253317,"data":"  S1W -\u003e 31\n"}
,{"stream_name":"stdout","time":12.757258672,"data":"  K1E -\u003e 40\n"}
,{"stream_name":"stdout","time":12.757263131,"data":"  M1E -\u003e 50\n"}
,{"stream_name":"stdout","time":12.757279098,"data":"  M10W -\u003e 69\n"}
,{"stream_name":"stdout","time":12.757284048,"data":"  J1E -\u003e 100\n"}
,{"stream_name":"stdout","time":13.224533209,"data":"Starting vectorized feature engineering...\n"}
,{"stream_name":"stdout","time":13.224574438,"data":"  Preparing base data...\n"}
,{"stream_name":"stdout","time":14.536426571,"data":"  Building wrestler bout history...\n"}
,{"stream_name":"stdout","time":15.046181983,"data":"  Computing career stats...\n"}
,{"stream_name":"stdout","time":18.349916046,"data":"  Computing basho stats...\n"}
,{"stream_name":"stdout","time":62.624084894,"data":"  Computing streak stats...\n"}
,{"stream_name":"stdout","time":63.715679455,"data":"  Computing recent form...\n"}
,{"stream_name":"stdout","time":67.370846355,"data":"  Computing basho form...\n"}
,{"stream_name":"stdout","time":70.693595806,"data":"  Computing style features (windowed)...\n"}
,{"stream_name":"stdout","time":200.484956261,"data":"  Computing head-to-head features...\n"}
,{"stream_name":"stdout","time":246.74257918,"data":"  Merging features to bout dataframe...\n"}
,{"stream_name":"stdout","time":248.650272158,"data":"  Computing pressure features...\n"}
,{"stream_name":"stdout","time":248.650315242,"data":"  Computing origin features...\n"}
,{"stream_name":"stdout","time":250.867600959,"data":"  Adding rating features...\n"}
,{"stream_name":"stdout","time":251.353020137,"data":"  Computing pairwise differentials...\n"}
,{"stream_name":"stdout","time":251.35306065,"data":"  Cleaning up...\n"}
,{"stream_name":"stdout","time":251.421095397,"data":"Feature engineering complete. Generated 291,462 rows with 236 columns.\n"}
,{"stream_name":"stdout","time":251.45209222,"data":"\n"}
,{"stream_name":"stdout","time":251.452128535,"data":"Feature DataFrame shape: (291462, 236)\n"}
,{"stream_name":"stdout","time":251.452135802,"data":"\n"}
,{"stream_name":"stdout","time":251.452141859,"data":"Columns (236):\n"}
,{"stream_name":"stdout","time":251.452153739,"data":"['bashoId', 'division', 'day', 'matchNo', 'eastId', 'eastShikona', 'eastRank', 'westId', 'westShikona', 'westRank', 'kimarite', 'winnerId', 'winnerEn', 'winnerJp', 'bout_id', 'basho_year', 'basho_month', 'east_rank_numeric', 'west_rank_numeric', 'kimarite_category', 'east_won_x', 'west_won_x', 'east_elo', 'west_elo', 'east_glicko_rating', 'east_glicko_rd', 'east_glicko_vol', 'west_glicko_rating', 'west_glicko_rd', 'west_glicko_vol', 'elo_diff', 'glicko_rating_diff', 'glicko_rd_diff', 'tournament_number', 'venue', 'is_tokyo', 'east_basho_year', 'east_basho_month', 'east_day', 'east_won_y', 'east_career_wins', 'east_career_losses', 'east_career_total_bouts', 'east_career_win_rate', 'east_bout_date_approx', 'east_debut_date', 'east_career_length_days', 'east_basho_num', 'east_career_total_tournaments', 'east_basho_wins', 'east_basho_losses', 'east_current_win_streak', 'east_current_loss_streak', 'east_win_rate_last_5_bouts', 'east_win_rate_last_10_bouts', 'east_win_rate_last_15_bouts', 'east_win_rate_last_20_bouts', 'east_win_rate_last_1_basho', 'east_win_rate_last_2_basho', 'east_win_rate_last_3_basho', 'east_kachikoshi_streak', 'east_makekoshi_streak', 'east_pct_wins_by_push_last_1_basho', 'east_pct_wins_by_push_last_3_basho', 'east_pct_wins_by_push_last_6_basho', 'east_pct_wins_by_push_career', 'east_style_drift_push', 'east_pct_wins_by_grapple_last_1_basho', 'east_pct_wins_by_grapple_last_3_basho', 'east_pct_wins_by_grapple_last_6_basho', 'east_pct_wins_by_grapple_career', 'east_style_drift_grapple', 'east_pct_wins_by_evasion_last_1_basho', 'east_pct_wins_by_evasion_last_3_basho', 'east_pct_wins_by_evasion_last_6_basho', 'east_pct_wins_by_evasion_career', 'east_style_drift_evasion', 'east_pct_wins_by_force_out_standing_last_1_basho', 'east_pct_wins_by_force_out_standing_last_3_basho', 'east_pct_wins_by_force_out_standing_last_6_basho', 'east_pct_wins_by_force_out_standing_career', 'east_pct_wins_by_force_out_falling_last_1_basho', 'east_pct_wins_by_force_out_falling_last_3_basho', 'east_pct_wins_by_force_out_falling_last_6_basho', 'east_pct_wins_by_force_out_falling_career', 'east_pct_wins_by_throws_overarm_last_1_basho', 'east_pct_wins_by_throws_overarm_last_3_basho', 'east_pct_wins_by_throws_overarm_last_6_basho', 'east_pct_wins_by_throws_overarm_career', 'east_pct_wins_by_throws_underarm_last_1_basho', 'east_pct_wins_by_throws_underarm_last_3_basho', 'east_pct_wins_by_throws_underarm_last_6_basho', 'east_pct_wins_by_throws_underarm_career', 'east_pct_wins_by_slap_pull_down_last_1_basho', 'east_pct_wins_by_slap_pull_down_last_3_basho', 'east_pct_wins_by_slap_pull_down_last_6_basho', 'east_pct_wins_by_slap_pull_down_career', 'east_pct_wins_by_leg_trips_last_1_basho', 'east_pct_wins_by_leg_trips_last_3_basho', 'east_pct_wins_by_leg_trips_last_6_basho', 'east_pct_wins_by_leg_trips_career', 'east_pct_wins_by_twist_downs_last_1_basho', 'east_pct_wins_by_twist_downs_last_3_basho', 'east_pct_wins_by_twist_downs_last_6_basho', 'east_pct_wins_by_twist_downs_career', 'east_pct_wins_by_rear_techniques_last_1_basho', 'east_pct_wins_by_rear_techniques_last_3_basho', 'east_pct_wins_by_rear_techniques_last_6_basho', 'east_pct_wins_by_rear_techniques_career', 'east_pct_wins_by_thrust_techniques_last_1_basho', 'east_pct_wins_by_thrust_techniques_last_3_basho', 'east_pct_wins_by_thrust_techniques_last_6_basho', 'east_pct_wins_by_thrust_techniques_career', 'east_pct_wins_by_lift_techniques_last_1_basho', 'east_pct_wins_by_lift_techniques_last_3_basho', 'east_pct_wins_by_lift_techniques_last_6_basho', 'east_pct_wins_by_lift_techniques_career', 'west_basho_year', 'west_basho_month', 'west_day', 'west_won_y', 'west_career_wins', 'west_career_losses', 'west_career_total_bouts', 'west_career_win_rate', 'west_bout_date_approx', 'west_debut_date', 'west_career_length_days', 'west_basho_num', 'west_career_total_tournaments', 'west_basho_wins', 'west_basho_losses', 'west_current_win_streak', 'west_current_loss_streak', 'west_win_rate_last_5_bouts', 'west_win_rate_last_10_bouts', 'west_win_rate_last_15_bouts', 'west_win_rate_last_20_bouts', 'west_win_rate_last_1_basho', 'west_win_rate_last_2_basho', 'west_win_rate_last_3_basho', 'west_kachikoshi_streak', 'west_makekoshi_streak', 'west_pct_wins_by_push_last_1_basho', 'west_pct_wins_by_push_last_3_basho', 'west_pct_wins_by_push_last_6_basho', 'west_pct_wins_by_push_career', 'west_style_drift_push', 'west_pct_wins_by_grapple_last_1_basho', 'west_pct_wins_by_grapple_last_3_basho', 'west_pct_wins_by_grapple_last_6_basho', 'west_pct_wins_by_grapple_career', 'west_style_drift_grapple', 'west_pct_wins_by_evasion_last_1_basho', 'west_pct_wins_by_evasion_last_3_basho', 'west_pct_wins_by_evasion_last_6_basho', 'west_pct_wins_by_evasion_career', 'west_style_drift_evasion', 'west_pct_wins_by_force_out_standing_last_1_basho', 'west_pct_wins_by_force_out_standing_last_3_basho', 'west_pct_wins_by_force_out_standing_last_6_basho', 'west_pct_wins_by_force_out_standing_career', 'west_pct_wins_by_force_out_falling_last_1_basho', 'west_pct_wins_by_force_out_falling_last_3_basho', 'west_pct_wins_by_force_out_falling_last_6_basho', 'west_pct_wins_by_force_out_falling_career', 'west_pct_wins_by_throws_overarm_last_1_basho', 'west_pct_wins_by_throws_overarm_last_3_basho', 'west_pct_wins_by_throws_overarm_last_6_basho', 'west_pct_wins_by_throws_overarm_career', 'west_pct_wins_by_throws_underarm_last_1_basho', 'west_pct_wins_by_throws_underarm_last_3_basho', 'west_pct_wins_by_throws_underarm_last_6_basho', 'west_pct_wins_by_throws_underarm_career', 'west_pct_wins_by_slap_pull_down_last_1_basho', 'west_pct_wins_by_slap_pull_down_last_3_basho', 'west_pct_wins_by_slap_pull_down_last_6_basho', 'west_pct_wins_by_slap_pull_down_career', 'west_pct_wins_by_leg_trips_last_1_basho', 'west_pct_wins_by_leg_trips_last_3_basho', 'west_pct_wins_by_leg_trips_last_6_basho', 'west_pct_wins_by_leg_trips_career', 'west_pct_wins_by_twist_downs_last_1_basho', 'west_pct_wins_by_twist_downs_last_3_basho', 'west_pct_wins_by_twist_downs_last_6_basho', 'west_pct_wins_by_twist_downs_career', 'west_pct_wins_by_rear_techniques_last_1_basho', 'west_pct_wins_by_rear_techniques_last_3_basho', 'west_pct_wins_by_rear_techniques_last_6_basho', 'west_pct_wins_by_rear_techniques_career', 'west_pct_wins_by_thrust_techniques_last_1_basho', 'west_pct_wins_by_thrust_techniques_last_3_basho', 'west_pct_wins_by_thrust_techniques_last_6_basho', 'west_pct_wins_by_thrust_techniques_career', 'west_pct_wins_by_lift_techniques_last_1_basho', 'west_pct_wins_by_lift_techniques_last_3_basho', 'west_pct_wins_by_lift_techniques_last_6_basho', 'west_pct_wins_by_lift_techniques_career', 'east_h2h_total_bouts', 'east_h2h_wins', 'east_h2h_losses', 'east_h2h_win_rate', 'east_h2h_never_met', 'east_h2h_last_result', 'east_needs_one_win_for_kachikoshi', 'east_needs_two_wins_for_kachikoshi', 'east_already_kachikoshi', 'east_already_makekoshi', 'east_is_day_15', 'east_day_times_needs_one_for_kachikoshi', 'east_is_ozeki', 'east_is_yokozuna', 'east_yokozuna_losing_record_so_far', 'west_needs_one_win_for_kachikoshi', 'west_needs_two_wins_for_kachikoshi', 'west_already_kachikoshi', 'west_already_makekoshi', 'west_is_day_15', 'west_day_times_needs_one_for_kachikoshi', 'west_is_ozeki', 'west_is_yokozuna', 'west_yokozuna_losing_record_so_far', 'east_country_of_origin', 'east_is_japanese', 'west_country_of_origin', 'west_is_japanese', 'east_expected_elo', 'east_elo_minus_expected', 'east_expected_glicko', 'east_glicko_minus_expected', 'west_expected_elo', 'west_elo_minus_expected', 'west_expected_glicko', 'west_glicko_minus_expected', 'rank_diff', 'career_win_rate_diff']\n"}
,{"stream_name":"stdout","time":252.189511252,"data":"First 10 career bouts: 21,562\n"}
,{"stream_name":"stdout","time":252.189556961,"data":"After 50 career bouts: 216,793\n"}
,{"stream_name":"stderr","time":252.731699401,"data":"Traceback (most recent call last):\n"}
,{"stream_name":"stderr","time":252.731730256,"data":"  File \"\u003cstring\u003e\", line 1, in \u003cmodule\u003e\n"}
,{"stream_name":"stderr","time":252.731738626,"data":"  File \"/usr/local/lib/python3.12/dist-packages/papermill/execute.py\", line 131, in execute_notebook\n"}
,{"stream_name":"stderr","time":252.731815144,"data":"    raise_for_execution_errors(nb, output_path)\n"}
,{"stream_name":"stderr","time":252.73184252,"data":"  File \"/usr/local/lib/python3.12/dist-packages/papermill/execute.py\", line 251, in raise_for_execution_errors\n"}
,{"stream_name":"stderr","time":252.732071506,"data":"    raise error\n"}
,{"stream_name":"stderr","time":252.732507787,"data":"papermill.exceptions.PapermillExecutionError: \n"}
,{"stream_name":"stderr","time":252.73251992,"data":"---------------------------------------------------------------------------\n"}
,{"stream_name":"stderr","time":252.732525991,"data":"Exception encountered at \"In [10]\":\n"}
,{"stream_name":"stderr","time":252.732532318,"data":"---------------------------------------------------------------------------\n"}
,{"stream_name":"stderr","time":252.732538277,"data":"KeyError                                  Traceback (most recent call last)\n"}
,{"stream_name":"stderr","time":252.732544431,"data":"/usr/local/lib/python3.12/dist-packages/pandas/core/indexes/base.py in get_loc(self, key)\n"}
,{"stream_name":"stderr","time":252.73255063,"data":"   3804         try:\n"}
,{"stream_name":"stderr","time":252.732556445,"data":"-\u003e 3805             return self._engine.get_loc(casted_key)\n"}
,{"stream_name":"stderr","time":252.732573102,"data":"   3806         except KeyError as err:\n"}
,{"stream_name":"stderr","time":252.732576674,"data":"\n"}
,{"stream_name":"stderr","time":252.732579574,"data":"index.pyx in pandas._libs.index.IndexEngine.get_loc()\n"}
,{"stream_name":"stderr","time":252.732582582,"data":"\n"}
,{"stream_name":"stderr","time":252.732585439,"data":"index.pyx in pandas._libs.index.IndexEngine.get_loc()\n"}
,{"stream_name":"stderr","time":252.732588449,"data":"\n"}
,{"stream_name":"stderr","time":252.732593281,"data":"pandas/_libs/hashtable_class_helper.pxi in pandas._libs.hashtable.PyObjectHashTable.get_item()\n"}
,{"stream_name":"stderr","time":252.732597964,"data":"\n"}
,{"stream_name":"stderr","time":252.732601883,"data":"pandas/_libs/hashtable_class_helper.pxi in pandas._libs.hashtable.PyObjectHashTable.get_item()\n"}
,{"stream_name":"stderr","time":252.732606366,"data":"\n"}
,{"stream_name":"stderr","time":252.732610062,"data":"KeyError: 'east_won'\n"}
,{"stream_name":"stderr","time":252.732612938,"data":"\n"}
,{"stream_name":"stderr","time":252.732615871,"data":"The above exception was the direct cause of the following exception:\n"}
,{"stream_name":"stderr","time":252.732618939,"data":"\n"}
,{"stream_name":"stderr","time":252.732621666,"data":"KeyError                                  Traceback (most recent call last)\n"}
,{"stream_name":"stderr","time":252.732624677,"data":"/tmp/ipykernel_17/3166245908.py in \u003ccell line: 0\u003e()\n"}
,{"stream_name":"stderr","time":252.732628041,"data":"      7 \n"}
,{"stream_name":"stderr","time":252.732631139,"data":"      8 for name, df_subset in [('First bouts', first_bouts), ('Later bouts', later_bouts)]:\n"}
,{"stream_name":"stderr","time":252.732634819,"data":"----\u003e 9     valid = df_subset[df_subset['east_won'].notna() \u0026 (df_subset['elo_diff'] != 0)]\n"}
,{"stream_name":"stderr","time":252.732638147,"data":"     10     if len(valid) \u003e 0:\n"}
,{"stream_name":"stderr","time":252.73264126,"data":"     11         accuracy = ((valid['elo_diff'] \u003e 0) == (valid['east_won'] == 1)).mean()\n"}
,{"stream_name":"stderr","time":252.732644802,"data":"\n"}
,{"stream_name":"stderr","time":252.732647713,"data":"/usr/local/lib/python3.12/dist-packages/pandas/core/frame.py in __getitem__(self, key)\n"}
,{"stream_name":"stderr","time":252.732650876,"data":"   4100             if self.columns.nlevels \u003e 1:\n"}
,{"stream_name":"stderr","time":252.732653885,"data":"   4101                 return self._getitem_multilevel(key)\n"}
,{"stream_name":"stderr","time":252.732657039,"data":"-\u003e 4102             indexer = self.columns.get_loc(key)\n"}
,{"stream_name":"stderr","time":252.732660072,"data":"   4103             if is_integer(indexer):\n"}
,{"stream_name":"stderr","time":252.732663117,"data":"   4104                 indexer = [indexer]\n"}
,{"stream_name":"stderr","time":252.732666002,"data":"\n"}
,{"stream_name":"stderr","time":252.73266877,"data":"/usr/local/lib/python3.12/dist-packages/pandas/core/indexes/base.py in get_loc(self, key)\n"}
,{"stream_name":"stderr","time":252.73267183,"data":"   3810             ):\n"}
,{"stream_name":"stderr","time":252.732674747,"data":"   3811                 raise InvalidIndexError(key)\n"}
,{"stream_name":"stderr","time":252.732677689,"data":"-\u003e 3812             raise KeyError(key) from err\n"}
,{"stream_name":"stderr","time":252.732680756,"data":"   3813         except TypeError:\n"}
,{"stream_name":"stderr","time":252.732683586,"data":"   3814             # If we have a listlike key, _check_indexing_error will raise\n"}
,{"stream_name":"stderr","time":252.732689766,"data":"\n"}
,{"stream_name":"stderr","time":252.732693527,"data":"KeyError: 'east_won'\n"}
,{"stream_name":"stderr","time":252.732696471,"data":"\n"}
,{"stream_name":"stderr","time":255.616296406,"data":"/usr/local/lib/python3.12/dist-packages/mistune.py:435: SyntaxWarning: invalid escape sequence '\\|'\n"}
,{"stream_name":"stderr","time":255.616334111,"data":"  cells[i][c] = re.sub('\\\\\\\\\\|', '|', cell)\n"}
,{"stream_name":"stderr","time":255.832171711,"data":"/usr/local/lib/python3.12/dist-packages/nbconvert/filters/filter_links.py:36: SyntaxWarning: invalid escape sequence '\\_'\n"}
,{"stream_name":"stderr","time":255.832203233,"data":"  text = re.sub(r'_', '\\_', text) # Escape underscores in display text\n"}
,{"stream_name":"stderr","time":256.641072674,"data":"/usr/local/lib/python3.12/dist-packages/traitlets/traitlets.py:2915: FutureWarning: --Exporter.preprocessors=[\"remove_papermill_header.RemovePapermillHeader\"] for containers is deprecated in traitlets 5.0. You can pass `--Exporter.preprocessors item` ... multiple times to add items to a list.\n"}
,{"stream_name":"stderr","time":256.641107847,"data":"  warn(\n"}
,{"stream_name":"stderr","time":256.681848978,"data":"[NbConvertApp] Converting notebook __notebook__.ipynb to notebook\n"}
,{"stream_name":"stderr","time":257.112228487,"data":"[NbConvertApp] Writing 71648 bytes to __notebook__.ipynb\n"}
,{"stream_name":"stderr","time":260.390997083,"data":"/usr/local/lib/python3.12/dist-packages/traitlets/traitlets.py:2915: FutureWarning: --Exporter.preprocessors=[\"nbconvert.preprocessors.ExtractOutputPreprocessor\"] for containers is deprecated in traitlets 5.0. You can pass `--Exporter.preprocessors item` ... multiple times to add items to a list.\n"}
,{"stream_name":"stderr","time":260.391043163,"data":"  warn(\n"}
,{"stream_name":"stderr","time":260.424803012,"data":"[NbConvertApp] Converting notebook __notebook__.ipynb to html\n"}
,{"stream_name":"stderr","time":261.706233277,"data":"[NbConvertApp] Writing 475759 bytes to __results__.html\n"}
]